MO full_substractor NULL full_substractor.v vlg5A/full__substractor.bin 1612878534
MO N_bit_adder NULL N_bit_adder.v vlg03/_n__bit__adder.bin 1612806129
MO half_adder NULL half_adder.v vlg5A/half__adder.bin 1612806129
MO N_bit_substractor NULL N_bit_substractor.v vlg4B/_n__bit__substractor.bin 1612878534
MO half_substractor NULL half_substractor.v vlg5A/half__substractor.bin 1612878534
MO full_adder NULL full_adder.v vlg5A/full__adder.bin 1612806129
